Logging in as Super Admin...
Γ£à Login Successful. Token received.
Creating Client...
node : Γ¥î Error Message: 
Request failed with 
status code 500
At line:1 char:1
+ node scripts/testCreateC
lient.js > 
test_output.log 2>&1
+ ~~~~~~~~~~~~~~~~~~~~~~~~
~~~~~~~~~~~~~~~~~~~~~~~~~~
~~~~~
    + CategoryInfo        
      : NotSpecified: (Γ  
  ¥î Error Messa...stat   
 us code 500:String) [    
], RemoteException
    + FullyQualifiedError 
   Id : NativeCommandErr  
  or
 
Γ¥î Error Response: { 
error: 'next is not a 
function' }
Γ¥î Full Stack: 
AxiosError: Request 
failed with status code 
500
    at settle 
(C:\Users\AARYAN UPADHYAY\
Downloads\embeddedcraft\nu
dge-backend\node_modules\a
xios\dist\node\axios.cjs:2
106:12)
    at IncomingMessage.han
dleStreamEnd 
(C:\Users\AARYAN UPADHYAY\
Downloads\embeddedcraft\nu
dge-backend\node_modules\a
xios\dist\node\axios.cjs:3
491:11)
    at 
IncomingMessage.emit 
(node:events:530:35)
    at endReadableNT (node
:internal/streams/readable
:1698:12)
    at process.processTick
sAndRejections (node:inter
nal/process/task_queues:90
:21)
    at Axios.request 
(C:\Users\AARYAN UPADHYAY\
Downloads\embeddedcraft\nu
dge-backend\node_modules\a
xios\dist\node\axios.cjs:4
731:41)
    at process.processTick
sAndRejections (node:inter
nal/process/task_queues:10
5:5)
    at async 
testCreateClient 
(C:\Users\AARYAN UPADHYAY\
Downloads\embeddedcraft\nu
dge-backend\scripts\testCr
eateClient.js:25:27)
